Stack Allocation = 5120 bytes

 Start  Stop   Length Name                   Class
 00000H 00396H 00397H _TEXT                  CODE
 00398H 005E7H 00250H _DATA                  DATA
 005F0H 019EFH 01400H STACK                  STACK

 Origin   Group
 0039:0   DGROUP

  Address         Publics by Name

 0039:0044       BASEADDR
 0000:02EA       CLEANPREVIOUSPACKET
 0039:0056       CURPOS
 0039:0054       CURRADDR
 0039:0052       CURRENTPACKET
 0039:0046       DATALEN
 0000:0242       GETETHERNE
 0000:01DF       GETNIC
 0039:0048       MACADDR
 0000:0000       MAIN
 0000:02C9       NICWRAP
 0039:0058       PACKET
 0039:004E       PACKETHEADER
 0000:031A       PRINTHEX
 0000:033A       PRINTMAC
 0000:0363       PRINTMEM
 0000:030E       PRINTSTR
 0000:0052       READFILE
 0000:00CA       RESETNIC
 0000:0087       STRTOHEX
 0039:0033       TAB

  Address         Publics by Value

 0000:0000       MAIN
 0000:0052       READFILE
 0000:0087       STRTOHEX
 0000:00CA       RESETNIC
 0000:01DF       GETNIC
 0000:0242       GETETHERNE
 0000:02C9       NICWRAP
 0000:02EA       CLEANPREVIOUSPACKET
 0000:030E       PRINTSTR
 0000:031A       PRINTHEX
 0000:033A       PRINTMAC
 0000:0363       PRINTMEM
 0039:0033       TAB
 0039:0044       BASEADDR
 0039:0046       DATALEN
 0039:0048       MACADDR
 0039:004E       PACKETHEADER
 0039:0052       CURRENTPACKET
 0039:0054       CURRADDR
 0039:0056       CURPOS
 0039:0058       PACKET

Program entry point at 0000:0000
