Stack Allocation = 5120 bytes

 Start  Stop   Length Name                   Class
 00000H 01BE1H 01BE2H _TEXT                  CODE
 01BF0H 01BF1H 00002H EMULATOR_TEXT          CODE
 01BF2H 01BF2H 00000H C_ETEXT                ENDCODE
 01C00H 01C00H 00000H EMULATOR_DATA          FAR_DATA
 01C00H 01C41H 00042H NULL                   BEGDATA
 01C42H 0273DH 00AFCH _DATA                  DATA
 0273EH 0273FH 00002H XIQC                   DATA
 02740H 0274BH 0000CH DBDATA                 DATA
 0274CH 02759H 0000EH CDATA                  DATA
 0275AH 0275AH 00000H XIFB                   DATA
 0275AH 0275AH 00000H XIF                    DATA
 0275AH 0275AH 00000H XIFE                   DATA
 0275AH 0275AH 00000H XIB                    DATA
 0275AH 0275AH 00000H XI                     DATA
 0275AH 0275AH 00000H XIE                    DATA
 0275AH 0275AH 00000H XPB                    DATA
 0275AH 0275BH 00002H XP                     DATA
 0275CH 0275CH 00000H XPE                    DATA
 0275CH 0275CH 00000H XCB                    DATA
 0275CH 0275CH 00000H XC                     DATA
 0275CH 0275CH 00000H XCE                    DATA
 0275CH 0275CH 00000H XCFB                   DATA
 0275CH 0275CH 00000H XCFCRT                 DATA
 0275CH 0275CH 00000H XCF                    DATA
 0275CH 0275CH 00000H XCFE                   DATA
 0275CH 0275CH 00000H XIFCB                  DATA
 0275CH 0275CH 00000H XIFU                   DATA
 0275CH 0275CH 00000H XIFL                   DATA
 0275CH 0275CH 00000H XIFM                   DATA
 0275CH 0275CH 00000H XIFCE                  DATA
 0275CH 0275CH 00000H CONST                  CONST
 0275CH 02763H 00008H HDR                    MSG
 02764H 02839H 000D6H MSG                    MSG
 0283AH 0283BH 00002H PAD                    MSG
 0283CH 0283CH 00001H EPAD                   MSG
 0283EH 02E63H 00626H _BSS                   BSS
 02E64H 02E64H 00000H XOB                    BSS
 02E64H 02E64H 00000H XO                     BSS
 02E64H 02E64H 00000H XOE                    BSS
 02E64H 02E64H 00000H XOFB                   BSS
 02E64H 02E64H 00000H XOF                    BSS
 02E64H 02E64H 00000H XOFE                   BSS
 02E70H 02E73H 00004H c_common               BSS
 02E80H 0427FH 01400H STACK                  STACK

 Origin   Group
 01C0:0   DGROUP

  Address         Publics by Name

 0000:1BCA       _buff_dlen
 0000:1ACE       _buff_freelen
 0000:1AF2       _buff_in
 01C0:0C3E       _edata
 01C0:1280       _end
 01C0:091C       _errno
 0000:01DE       _exit
 0000:05EC       _fclose
 0000:08EC       _fflush
 0000:19AE       _getnic
 0000:1692       _get_etherne
 0000:1564       _init_etherne
 0000:1A46       _innic
 0000:1520       _main
 0000:1AB4       _maxw
 0000:11CA       _memcpy
 0000:11F6       _memset
 0000:1A9C       _minw
 0000:1B96       _msdelay
 01C0:1270       _nichdr
 0000:1A74       _nicwrap
 0000:1A5C       _outnic
 0000:15E2       _poll_etherne
 0000:06A2       _printf
 01C0:0042       _promisc
 0000:17C0       _receive_upcall
 0000:14C4       _remove
 0000:1826       _resetnic
 01C0:0044       _rxpkts
 01C0:095A       _STKHQQ
 0000:10A4       _strcat
 0000:10E4       _strcpy
 01C0:0958       __aaltstkovr
 01C0:0900       __acfinfo
 0000:9876  Abs  __acrtmsg
 0000:9876  Abs  __acrtused
 0000:D6D6  Abs  __aDBdoswp
 01C0:0956       __adbgmsg
 01C0:08E2       __aexit_rtn
 01C0:090E       __aintdiv
 01C0:0B24       __amblksiz
 0000:00E1       __amsg_exit
 0000:02CE       __aNchkstk
 01C0:0042       __anullsize
 01C0:08FA       __aseghi
 01C0:08FC       __aseglo
 01C0:08E4       __asizds
 01C0:0B38       __asizeC
 01C0:0B39       __asizeD
 0000:0010       __astart
 01C0:08E0       __atopsp
 0000:01ED       __cexit
 01C0:0B26       __cfltcvt_tab
 01C0:0976       __cflush
 01C0:0B3C       __chbuf
 01C0:094D       __child
 0000:02CE       __chkstk
 0000:010C       __cinit
 0000:00D2       __cintDIV
 0000:0F04       __close
 0000:1224       __cltoasub
 0000:1156       __commit
 01C0:0929       __cpumode
 0000:026C       __ctermsub
 0000:1230       __cxtoa
 0000:01F7       __c_exit
 0000:010A       __dataseg
 01C0:092A       __doserrno
 0000:0594       __dosret0
 0000:05A9       __dosretax
 0000:059C       __dosreturn
 0000:1284       __dos_commit
 01C0:0C3E       __edata
 01BF:0000       __EmDataSeg
 01C0:1280       __end
 0000:06DE       __endstdio
 01C0:0946       __environ
 0000:01E5       __exit
 01C0:0955       __exitflag
 01C0:0912       __fac
 0000:05EA       __farstub
 0000:1132       __fcloseall
 01C0:08FE       __fDosExt
 0000:02A8       __FF_MSGBANNER
 0000:1083       __findlast
 0000:06F0       __flsbuf
 0000:093A       __flush
 0000:09B0       __flushall
 01C0:0B4E       __fpinit
 0000:02C8       __fptrap
 0000:07D0       __freebuf
 0000:08AD       __ftbuf
 0000:07FA       __getbuf
 0000:14F8       __getch
 0000:14F4       __getche
 0000:0FA6       __growseg
 0000:1032       __incseg
 0000:11AE       __inp
 0000:1292       __inpw
 01C0:0950       __intno
 01C0:0978       __iob
 01C0:0A18       __iob2
 0000:1116       __itoa
 0000:14D2       __kbhit
 01C0:0AB8       __lastiob
 0000:0F24       __lseek
 01C0:0B22       __lseekchk
 0000:05B6       __maperror
 0000:0570       __myalloc
 01C0:092C       __nfile
 0000:13EC       __nfree
 01C0:08E6       __nheap_desc
 0000:140D       __nmalloc
 0000:0510       __NMSG_TEXT
 0000:053B       __NMSG_WRITE
 0000:02E6       __nullcheck
 01C0:092A       __oserr
 01C0:092E       __osfile
 01C0:0925       __osmajor
 01C0:0924       __osminor
 01C0:0928       __osmode
 01C0:0924       __osver
 01C0:0926       __osversion
 0000:11BC       __outp
 0000:0A2E       __output
 01C0:094F       __ovlflag
 01C0:0951       __ovlvec
 01C0:0948       __pgmptr
 01C0:0B3A       __pnhNearHeap
 01C0:0922       __psp
 01C0:0920       __pspadr
 0000:1448       __searchseg
 0000:0308       __setargv
 0000:0492       __setenvp
 01C0:0B36       __sigintoff
 01C0:0B34       __sigintseg
 0000:13DA       __stackavail
 0000:083C       __stbuf
 01C0:091E       __umaskval
 0000:14C4       __unlink
 0000:129C       __write
 01C0:0B46       ___aDBexit
 01C0:0B44       ___aDBrterr
 01C0:0B42       ___aDBswpchk
 01C0:0B40       ___aDBswpflg
 01C0:0942       ___argc
 01C0:0944       ___argv
 01C0:0B3E       ___qczrinit

  Address         Publics by Value

 0000:0010       __astart
 0000:00D2       __cintDIV
 0000:00E1       __amsg_exit
 0000:010A       __dataseg
 0000:010C       __cinit
 0000:01DE       _exit
 0000:01E5       __exit
 0000:01ED       __cexit
 0000:01F7       __c_exit
 0000:026C       __ctermsub
 0000:02A8       __FF_MSGBANNER
 0000:02C8       __fptrap
 0000:02CE       __aNchkstk
 0000:02CE       __chkstk
 0000:02E6       __nullcheck
 0000:0308       __setargv
 0000:0492       __setenvp
 0000:0510       __NMSG_TEXT
 0000:053B       __NMSG_WRITE
 0000:0570       __myalloc
 0000:0594       __dosret0
 0000:059C       __dosreturn
 0000:05A9       __dosretax
 0000:05B6       __maperror
 0000:05EA       __farstub
 0000:05EC       _fclose
 0000:06A2       _printf
 0000:06DE       __endstdio
 0000:06F0       __flsbuf
 0000:07D0       __freebuf
 0000:07FA       __getbuf
 0000:083C       __stbuf
 0000:08AD       __ftbuf
 0000:08EC       _fflush
 0000:093A       __flush
 0000:09B0       __flushall
 0000:0A2E       __output
 0000:0F04       __close
 0000:0F24       __lseek
 0000:0FA6       __growseg
 0000:1032       __incseg
 0000:1083       __findlast
 0000:10A4       _strcat
 0000:10E4       _strcpy
 0000:1116       __itoa
 0000:1132       __fcloseall
 0000:1156       __commit
 0000:11AE       __inp
 0000:11BC       __outp
 0000:11CA       _memcpy
 0000:11F6       _memset
 0000:1224       __cltoasub
 0000:1230       __cxtoa
 0000:1284       __dos_commit
 0000:1292       __inpw
 0000:129C       __write
 0000:13DA       __stackavail
 0000:13EC       __nfree
 0000:140D       __nmalloc
 0000:1448       __searchseg
 0000:14C4       __unlink
 0000:14C4       _remove
 0000:14D2       __kbhit
 0000:14F4       __getche
 0000:14F8       __getch
 0000:1520       _main
 0000:1564       _init_etherne
 0000:15E2       _poll_etherne
 0000:1692       _get_etherne
 0000:17C0       _receive_upcall
 0000:1826       _resetnic
 0000:19AE       _getnic
 0000:1A46       _innic
 0000:1A5C       _outnic
 0000:1A74       _nicwrap
 0000:1A9C       _minw
 0000:1AB4       _maxw
 0000:1ACE       _buff_freelen
 0000:1AF2       _buff_in
 0000:1B96       _msdelay
 0000:1BCA       _buff_dlen
 01BF:0000       __EmDataSeg
 01C0:0042       _promisc
 01C0:0042       __anullsize
 01C0:0044       _rxpkts
 01C0:08E0       __atopsp
 01C0:08E2       __aexit_rtn
 01C0:08E4       __asizds
 01C0:08E6       __nheap_desc
 01C0:08FA       __aseghi
 01C0:08FC       __aseglo
 01C0:08FE       __fDosExt
 01C0:0900       __acfinfo
 01C0:090E       __aintdiv
 01C0:0912       __fac
 01C0:091C       _errno
 01C0:091E       __umaskval
 01C0:0920       __pspadr
 01C0:0922       __psp
 01C0:0924       __osver
 01C0:0924       __osminor
 01C0:0925       __osmajor
 01C0:0926       __osversion
 01C0:0928       __osmode
 01C0:0929       __cpumode
 01C0:092A       __oserr
 01C0:092A       __doserrno
 01C0:092C       __nfile
 01C0:092E       __osfile
 01C0:0942       ___argc
 01C0:0944       ___argv
 01C0:0946       __environ
 01C0:0948       __pgmptr
 01C0:094D       __child
 01C0:094F       __ovlflag
 01C0:0950       __intno
 01C0:0951       __ovlvec
 01C0:0955       __exitflag
 01C0:0956       __adbgmsg
 01C0:0958       __aaltstkovr
 01C0:095A       _STKHQQ
 01C0:0976       __cflush
 01C0:0978       __iob
 01C0:0A18       __iob2
 01C0:0AB8       __lastiob
 01C0:0B22       __lseekchk
 01C0:0B24       __amblksiz
 01C0:0B26       __cfltcvt_tab
 01C0:0B34       __sigintseg
 01C0:0B36       __sigintoff
 01C0:0B38       __asizeC
 01C0:0B39       __asizeD
 01C0:0B3A       __pnhNearHeap
 01C0:0B3C       __chbuf
 01C0:0B3E       ___qczrinit
 01C0:0B40       ___aDBswpflg
 01C0:0B42       ___aDBswpchk
 01C0:0B44       ___aDBrterr
 01C0:0B46       ___aDBexit
 01C0:0B4E       __fpinit
 01C0:0C3E       _edata
 01C0:0C3E       __edata
 01C0:1270       _nichdr
 01C0:1280       __end
 01C0:1280       _end
 0000:9876  Abs  __acrtused
 0000:9876  Abs  __acrtmsg
 0000:D6D6  Abs  __aDBdoswp

Program entry point at 0000:0010
