Stack Allocation = 5120 bytes

 Start  Stop   Length Name                   Class
 00000H 0037AH 0037BH _TEXT                  CODE
 0037CH 005CBH 00250H _DATA                  DATA
 005D0H 019CFH 01400H STACK                  STACK

 Origin   Group
 0037:0   DGROUP

  Address         Publics by Name

 0037:0048       BASEADDR
 0000:02CE       CLEANPREVIOUSPACKET
 0037:005A       CURPOS
 0037:0058       CURRADDR
 0037:0056       CURRENTPACKET
 0037:004A       DATALEN
 0000:0242       GETETHERNE
 0000:01DF       GETNIC
 0037:004C       MACADDR
 0000:0000       MAIN
 0037:005C       PACKET
 0037:0052       PACKETHEADER
 0000:02FE       PRINTHEX
 0000:031E       PRINTMAC
 0000:0347       PRINTMEM
 0000:02F2       PRINTSTR
 0000:0052       READFILE
 0000:00CA       RESETNIC
 0000:0087       STRTOHEX
 0037:0037       TAB

  Address         Publics by Value

 0000:0000       MAIN
 0000:0052       READFILE
 0000:0087       STRTOHEX
 0000:00CA       RESETNIC
 0000:01DF       GETNIC
 0000:0242       GETETHERNE
 0000:02CE       CLEANPREVIOUSPACKET
 0000:02F2       PRINTSTR
 0000:02FE       PRINTHEX
 0000:031E       PRINTMAC
 0000:0347       PRINTMEM
 0037:0037       TAB
 0037:0048       BASEADDR
 0037:004A       DATALEN
 0037:004C       MACADDR
 0037:0052       PACKETHEADER
 0037:0056       CURRENTPACKET
 0037:0058       CURRADDR
 0037:005A       CURPOS
 0037:005C       PACKET

Program entry point at 0000:0000
