Stack Allocation = 5120 bytes

 Start  Stop   Length Name                   Class
 00000H 00000H 00000H _TEXT                  CODE
 00000H 0052EH 0052FH CODE                   CODE
 00530H 00530H 00000H _DATA                  DATA
 00530H 01964H 01435H DATA                   DATA
 01970H 02D6FH 01400H STACK                  STACK

 Origin   Group
 0053:0   DGROUP

  Address         Publics by Name

 0053:1168       BUFFER
 0000:0091       CLEARPACKETBUFFER
 0000:046B       CLEARSCR
 0000:00D6       CLS
 0000:01E0       DEBUGRMODE
 0000:0155       ENABLEBUSMASTERING
 0000:00EE       FINDDEVICE
 0000:00BE       GETIOBASE
 0000:00A7       GETLENPACKET
 0000:0478       HEADERBUFFER
 0053:1120       KEYPRESSED
 0000:0000       MAIN
 0000:0409       PRINTBUFFER
 0000:04EF       PRINTFLAGS
 0000:0378       PRINTGENREG
 0000:04AC       PRINTOPTIONS
 0000:03D8       PRINTREG
 0000:031A       PRINTSEGREG
 0000:03FA       PRINTSTR
 0000:017D       RESET

  Address         Publics by Value

 0000:0000       MAIN
 0000:0091       CLEARPACKETBUFFER
 0000:00A7       GETLENPACKET
 0000:00BE       GETIOBASE
 0000:00D6       CLS
 0000:00EE       FINDDEVICE
 0000:0155       ENABLEBUSMASTERING
 0000:017D       RESET
 0000:01E0       DEBUGRMODE
 0000:031A       PRINTSEGREG
 0000:0378       PRINTGENREG
 0000:03D8       PRINTREG
 0000:03FA       PRINTSTR
 0000:0409       PRINTBUFFER
 0000:046B       CLEARSCR
 0000:0478       HEADERBUFFER
 0000:04AC       PRINTOPTIONS
 0000:04EF       PRINTFLAGS
 0053:1120       KEYPRESSED
 0053:1168       BUFFER

Program entry point at 0000:0000
