Stack Allocation = 5120 bytes

 Start  Stop   Length Name                   Class
 00000H 00000H 00000H _TEXT                  CODE
 00000H 0055EH 0055FH CODE                   CODE
 00560H 00560H 00000H _DATA                  DATA
 00560H 01994H 01435H DATA                   DATA
 019A0H 02D9FH 01400H STACK                  STACK

 Origin   Group
 0056:0   DGROUP

  Address         Publics by Name

 0056:1168       BUFFER
 0000:0097       CLEARPACKETBUFFER
 0000:049B       CLEARSCR
 0000:010A       CLS
 0000:00C4       COPYPACKET
 0000:0210       DEBUGRMODE
 0000:0189       ENABLEBUSMASTERING
 0000:0122       FINDDEVICE
 0000:00F2       GETIOBASE
 0000:00AD       GETLENPACKET
 0000:04A8       HEADERBUFFER
 0056:1120       KEYPRESSED
 0000:0000       MAIN
 0000:0439       PRINTBUFFER
 0000:051F       PRINTFLAGS
 0000:03A8       PRINTGENREG
 0000:04DC       PRINTOPTIONS
 0000:0408       PRINTREG
 0000:034A       PRINTSEGREG
 0000:042A       PRINTSTR
 0000:01B1       RESET
 0000:00E5       SETNEXTPACKOFFSET

  Address         Publics by Value

 0000:0000       MAIN
 0000:0097       CLEARPACKETBUFFER
 0000:00AD       GETLENPACKET
 0000:00C4       COPYPACKET
 0000:00E5       SETNEXTPACKOFFSET
 0000:00F2       GETIOBASE
 0000:010A       CLS
 0000:0122       FINDDEVICE
 0000:0189       ENABLEBUSMASTERING
 0000:01B1       RESET
 0000:0210       DEBUGRMODE
 0000:034A       PRINTSEGREG
 0000:03A8       PRINTGENREG
 0000:0408       PRINTREG
 0000:042A       PRINTSTR
 0000:0439       PRINTBUFFER
 0000:049B       CLEARSCR
 0000:04A8       HEADERBUFFER
 0000:04DC       PRINTOPTIONS
 0000:051F       PRINTFLAGS
 0056:1120       KEYPRESSED
 0056:1168       BUFFER

Program entry point at 0000:0000
