Stack Allocation = 5120 bytes

 Start  Stop   Length Name                   Class
 00000H 00000H 00000H _TEXT                  CODE
 00000H 0052EH 0052FH CODE                   CODE
 00530H 00530H 00000H _DATA                  DATA
 00530H 00E04H 008D5H DATA                   DATA
 00E10H 0220FH 01400H STACK                  STACK

 Origin   Group
 0053:0   DGROUP

  Address         Publics by Name

 0053:0608       BUFFER
 0000:046B       CLEARSCR
 0000:00A8       CLS
 0000:01E0       DEBUGRMODE
 0000:0127       ENABLEBUSMASTERING
 0000:00C0       FINDDEVICE
 0000:0090       GETIOBASE
 0000:0478       HEADERBUFFER
 0000:01A8       ISSUECMD
 0053:05C0       KEYPRESSED
 0000:0000       MAIN
 0000:0409       PRINTBUFFER
 0000:04EF       PRINTFLAGS
 0000:0378       PRINTGENREG
 0000:04AC       PRINTOPTIONS
 0000:03D8       PRINTREG
 0000:031A       PRINTSEGREG
 0000:03FA       PRINTSTR
 0000:014F       RESET

  Address         Publics by Value

 0000:0000       MAIN
 0000:0090       GETIOBASE
 0000:00A8       CLS
 0000:00C0       FINDDEVICE
 0000:0127       ENABLEBUSMASTERING
 0000:014F       RESET
 0000:01A8       ISSUECMD
 0000:01E0       DEBUGRMODE
 0000:031A       PRINTSEGREG
 0000:0378       PRINTGENREG
 0000:03D8       PRINTREG
 0000:03FA       PRINTSTR
 0000:0409       PRINTBUFFER
 0000:046B       CLEARSCR
 0000:0478       HEADERBUFFER
 0000:04AC       PRINTOPTIONS
 0000:04EF       PRINTFLAGS
 0053:05C0       KEYPRESSED
 0053:0608       BUFFER

Program entry point at 0000:0000
