
 Start  Stop   Length Name               Class

 00000H 0232BH 0232CH CODE               

  Address         Publics by Name

 0000:0382       ADDRESS_LEN
 0000:0C6D       AS_SEND_PKT
 0000:0C69       BAD_COMMAND_INTERCEPT
 0000:0B31       BLOCK_INPUT
 0000:0C23       BOARD_DATA
 0000:232B       BRANDING_MSG
 0000:14CE       BYTEOUT
 0000:1500       CHROUT
 0000:1372       COPYRIGHT_MSG
 0000:0895       COUNT_IN_ERR
 0000:08A2       COUNT_OUT_ERR
 0000:14EF       CRLF
 0000:147D       DECOUT
 0000:14DD       DIGOUT
 0000:0B16       DRIVER_CLASS
 0000:0B22       DRIVER_FUNCTION
 0000:0B1B       DRIVER_NAME
 0000:0B19       DRIVER_TYPE
 0000:0C6E       DROP_PKT
 0000:14C0       DWORDOUT
 0000:125C       END_FREE_MEM
 0000:125C       END_RESIDENT
 0000:0208       ENTRY_POINT
 0000:1A82       ERROR
 0000:125D       ETOPEN
 0000:1A55       ETOPEN_DIAGN
 0000:0210       FLAGBYTE
 0000:1F8E       GET_DIGIT
 0000:1F1D       GET_HEX
 0000:1F26       GET_NUMBER
 0000:0B0E       INT_NO
 0000:0B12       IO_ADDR
 0000:020D       IS_186
 0000:020E       IS_286
 0000:020F       IS_386
 0000:144A       IS_EISA
 0000:144B       IS_PCI
 0000:150D       MALLOC
 0000:0959       MASKINT
 0000:0BF8       MCAST_ALL_FLAG
 0000:0BF0       MCAST_LIST_BITS
 0000:0352       MULTICAST_ADDRS
 0000:034C       MULTICAST_BROAD
 0000:034A       MULTICAST_COUNT
 0000:0394       MY_ADDRESS
 0000:03E0       OUR_ISR
 0000:0B23       PARAMETER_LIST
 0000:13B9       PARSE_ARGS
 0000:0080       PHD_DIOA
 0000:002C       PHD_ENVIRON
 0000:1FBF       PRINT_ETHER_ADDR
 0000:144C       PRINT_NUMBER
 0000:1436       PRINT_PARAMETERS
 0000:1141       RCV_FRM
 0000:0BF9       RCV_MODES
 0000:0EC4       RECV
 0000:0A7F       RECV_COPY
 0000:0947       RECV_EXITING_EXIT
 0000:0A28       RECV_FIND
 0000:0A2F       RECV_FOUND
 0000:09B7       RECV_LOCATE
 0000:0E68       RESET_BOARD
 0000:0EA8       RESET_INTERFACE
 0000:0479       RE_ENABLE_INTERRUPTS
 0000:0384       ROM_ADDRESS
 0000:0922       SCHEDULE_EXITING
 0000:0AD3       SEND_DEQUEUE
 0000:03AC       SEND_HEAD
 0000:0CA3       SEND_PKT
 0000:0A99       SEND_QUEUE
 0000:03B0       SEND_TAIL
 0000:0DCC       SET_ADDRESS
 0000:11A7       SET_MULTICAST_LIST
 0000:084E       SET_RECV_ISR
 0000:1FB4       SKIP_BLANKS
 0000:0C43       SOFT_ERRORS
 0000:0C4B       SOFT_RX_ERRORS
 0000:0C5C       SOFT_RX_ERR_BITS
 0000:0C4F       SOFT_RX_OVERRUNS
 0000:0C53       SOFT_RX_OVER_ND
 0000:0C47       SOFT_TX_COLLISIONS
 0000:0C43       SOFT_TX_ERRORS
 0000:0C5B       SOFT_TX_ERR_BITS
 0000:1A8B       START_1
 0000:020C       SYS_FEATURES
 0000:0EA7       TERMINATE
 0000:03DC       THEIR_ISR
 0000:03D4       THEIR_TIMER
 0000:125B       TIMER_ISR
 0000:097C       UNMASKINT
 0000:1332       USAGE_MSG
 0000:14C7       WORDOUT
 0000:0C6F       XMIT

  Address         Publics by Value

 0000:002C       PHD_ENVIRON
 0000:0080       PHD_DIOA
 0000:0208       ENTRY_POINT
 0000:020C       SYS_FEATURES
 0000:020D       IS_186
 0000:020E       IS_286
 0000:020F       IS_386
 0000:0210       FLAGBYTE
 0000:034A       MULTICAST_COUNT
 0000:034C       MULTICAST_BROAD
 0000:0352       MULTICAST_ADDRS
 0000:0382       ADDRESS_LEN
 0000:0384       ROM_ADDRESS
 0000:0394       MY_ADDRESS
 0000:03AC       SEND_HEAD
 0000:03B0       SEND_TAIL
 0000:03D4       THEIR_TIMER
 0000:03DC       THEIR_ISR
 0000:03E0       OUR_ISR
 0000:0479       RE_ENABLE_INTERRUPTS
 0000:084E       SET_RECV_ISR
 0000:0895       COUNT_IN_ERR
 0000:08A2       COUNT_OUT_ERR
 0000:0922       SCHEDULE_EXITING
 0000:0947       RECV_EXITING_EXIT
 0000:0959       MASKINT
 0000:097C       UNMASKINT
 0000:09B7       RECV_LOCATE
 0000:0A28       RECV_FIND
 0000:0A2F       RECV_FOUND
 0000:0A7F       RECV_COPY
 0000:0A99       SEND_QUEUE
 0000:0AD3       SEND_DEQUEUE
 0000:0B0E       INT_NO
 0000:0B12       IO_ADDR
 0000:0B16       DRIVER_CLASS
 0000:0B19       DRIVER_TYPE
 0000:0B1B       DRIVER_NAME
 0000:0B22       DRIVER_FUNCTION
 0000:0B23       PARAMETER_LIST
 0000:0B31       BLOCK_INPUT
 0000:0BF0       MCAST_LIST_BITS
 0000:0BF8       MCAST_ALL_FLAG
 0000:0BF9       RCV_MODES
 0000:0C23       BOARD_DATA
 0000:0C43       SOFT_ERRORS
 0000:0C43       SOFT_TX_ERRORS
 0000:0C47       SOFT_TX_COLLISIONS
 0000:0C4B       SOFT_RX_ERRORS
 0000:0C4F       SOFT_RX_OVERRUNS
 0000:0C53       SOFT_RX_OVER_ND
 0000:0C5B       SOFT_TX_ERR_BITS
 0000:0C5C       SOFT_RX_ERR_BITS
 0000:0C69       BAD_COMMAND_INTERCEPT
 0000:0C6D       AS_SEND_PKT
 0000:0C6E       DROP_PKT
 0000:0C6F       XMIT
 0000:0CA3       SEND_PKT
 0000:0DCC       SET_ADDRESS
 0000:0E68       RESET_BOARD
 0000:0EA7       TERMINATE
 0000:0EA8       RESET_INTERFACE
 0000:0EC4       RECV
 0000:1141       RCV_FRM
 0000:11A7       SET_MULTICAST_LIST
 0000:125B       TIMER_ISR
 0000:125C       END_RESIDENT
 0000:125C       END_FREE_MEM
 0000:125D       ETOPEN
 0000:1332       USAGE_MSG
 0000:1372       COPYRIGHT_MSG
 0000:13B9       PARSE_ARGS
 0000:1436       PRINT_PARAMETERS
 0000:144A       IS_EISA
 0000:144B       IS_PCI
 0000:144C       PRINT_NUMBER
 0000:147D       DECOUT
 0000:14C0       DWORDOUT
 0000:14C7       WORDOUT
 0000:14CE       BYTEOUT
 0000:14DD       DIGOUT
 0000:14EF       CRLF
 0000:1500       CHROUT
 0000:150D       MALLOC
 0000:1A55       ETOPEN_DIAGN
 0000:1A82       ERROR
 0000:1A8B       START_1
 0000:1F1D       GET_HEX
 0000:1F26       GET_NUMBER
 0000:1F8E       GET_DIGIT
 0000:1FB4       SKIP_BLANKS
 0000:1FBF       PRINT_ETHER_ADDR
 0000:232B       BRANDING_MSG


