Stack Allocation = 5120 bytes

 Start  Stop   Length Name                   Class
 00000H 03749H 0374AH _TEXT                  CODE
 03750H 05E3FH 026F0H EMULATOR_TEXT          CODE
 05E40H 05E40H 00000H C_ETEXT                ENDCODE
 05E40H 05FAFH 00170H EMULATOR_DATA          FAR_DATA
 05FB0H 05FF1H 00042H NULL                   BEGDATA
 05FF2H 065ADH 005BCH _DATA                  DATA
 065AEH 065AFH 00002H XIQC                   DATA
 065B0H 065BBH 0000CH DBDATA                 DATA
 065BCH 065C9H 0000EH CDATA                  DATA
 065CAH 065CAH 00000H XIFB                   DATA
 065CAH 065CAH 00000H XIF                    DATA
 065CAH 065CAH 00000H XIFE                   DATA
 065CAH 065CAH 00000H XIB                    DATA
 065CAH 065CDH 00004H XI                     DATA
 065CEH 065CEH 00000H XIE                    DATA
 065CEH 065CEH 00000H XPB                    DATA
 065CEH 065CFH 00002H XP                     DATA
 065D0H 065D0H 00000H XPE                    DATA
 065D0H 065D0H 00000H XCB                    DATA
 065D0H 065D0H 00000H XC                     DATA
 065D0H 065D0H 00000H XCE                    DATA
 065D0H 065D0H 00000H XCFB                   DATA
 065D0H 065D0H 00000H XCFCRT                 DATA
 065D0H 065D0H 00000H XCF                    DATA
 065D0H 065D0H 00000H XCFE                   DATA
 065D0H 065D0H 00000H XIFCB                  DATA
 065D0H 065D0H 00000H XIFU                   DATA
 065D0H 065D0H 00000H XIFL                   DATA
 065D0H 065D0H 00000H XIFM                   DATA
 065D0H 065D0H 00000H XIFCE                  DATA
 065D0H 065E7H 00018H CONST                  CONST
 065E8H 065EFH 00008H HDR                    MSG
 065F0H 067CFH 001E0H MSG                    MSG
 067D0H 067D1H 00002H PAD                    MSG
 067D2H 067D2H 00001H EPAD                   MSG
 067D4H 067E5H 00012H _BSS                   BSS
 067E6H 067E6H 00000H XOB                    BSS
 067E6H 067E6H 00000H XO                     BSS
 067E6H 067E6H 00000H XOE                    BSS
 067E6H 067E6H 00000H XOFB                   BSS
 067E6H 067E6H 00000H XOF                    BSS
 067E6H 067E6H 00000H XOFE                   BSS
 067F0H 06813H 00024H c_common               BSS
 06820H 07C1FH 01400H STACK                  STACK

 Origin   Group
 05FB:0   DGROUP

  Address         Publics by Name

 0000:1E46       $i8_output
 0000:2107       $i8_tpwr10
 0000:0063       CRLF
 0000:FE32  Abs  FIARQQ
 0000:0E32  Abs  FICRQQ
 0000:5C32  Abs  FIDRQQ
 0000:1632  Abs  FIERQQ
 0000:0632  Abs  FISRQQ
 0000:A23D  Abs  FIWRQQ
 0000:4000  Abs  FJARQQ
 0000:C000  Abs  FJCRQQ
 0000:8000  Abs  FJSRQQ
 0000:0058       PRINTHEADER
 0000:1688       _atof
 0000:1684       _atoi
 05FB:0840       _configs
 05FB:0824       _edata
 05FB:0870       _end
 05FB:0124       _errno
 0000:025E       _exit
 0000:2EB3       _exp
 0000:066C       _fclose
 0000:0B66       _fflush
 0000:1C7A       _fFYTOX
 0000:1846       _fgets
 0000:074A       _fopen
 0000:35E4       _getconfigkey
 0000:3564       _getconfigvalue
 05FB:0858       _inthandler
 0000:2EA8       _log
 0000:2EAE       _log10
 0000:33EA       _main
 0000:196A       _memmove
 0000:19B2       _memset
 0000:0082       _outpdw
 0000:2EA2       _pow
 0000:0010       _printdw
 0000:075E       _printf
 0000:367E       _readcfg
 0000:33CE       _remove
 0000:3716       _resetnic
 05FB:0162       _STKHQQ
 0000:15F6       _strcat
 0000:1636       _strcpy
 0000:1910       _strcspn
 0000:1668       _strlen
 0000:1A4C       _strtol
 0000:1A40       _strtoul
 0000:3446       _strtoulong
 05FB:0160       __aaltstkovr
 05FB:0108       __acfinfo
 0000:9876  Abs  __acrtmsg
 0000:9876  Abs  __acrtused
 0000:D6D6  Abs  __aDBdoswp
 05FB:015E       __adbgmsg
 05FB:00EA       __aexit_rtn
 05FB:0116       __aintdiv
 05FB:0330       __amblksiz
 0000:0161       __amsg_exit
 0000:034E       __aNchkstk
 0000:2EC9       __aNCIexp
 0000:2EBE       __aNCIlog
 0000:2EC4       __aNCIlog10
 0000:2EB8       __aNCIpow
 0000:3054       __aNftol
 05FB:0042       __anullsize
 05FB:0102       __aseghi
 05FB:0104       __aseglo
 05FB:00EC       __asizds
 05FB:0344       __asizeC
 05FB:0345       __asizeD
 0000:0090       __astart
 05FB:00E8       __atopsp
 0000:16CA       __catox
 0000:026D       __cexit
 0000:2E32       __cfltcvt
 05FB:0332       __cfltcvt_tab
 05FB:017E       __cflush
 0000:2B20       __cftoe
 0000:2C6E       __cftof
 0000:2D88       __cftog
 05FB:0155       __child
 0000:034E       __chkstk
 0000:018C       __cinit
 0000:0152       __cintDIV
 0000:2EF7       __cintrindisp1
 0000:2ECE       __cintrindisp2
 0000:11B0       __close
 0000:19E0       __cltoasub
 0000:18B8       __commit
 05FB:032C       __commode
 05FB:045C       __cpower
 05FB:0131       __cpumode
 0000:2A44       __cropzeros
 0000:02EC       __ctermsub
 0000:2F2C       __ctrandisp1
 0000:2F19       __ctrandisp2
 05FB:0346       __ctype
 05FB:0346       __ctype_
 0000:13FD       __cXENIXtoDOSmode
 0000:19EC       __cxtoa
 0000:0277       __c_exit
 0000:018A       __dataseg
 0000:17E9       __DOSCREATECSALIAS
 0000:17B4       __DOSDEVCONFIG
 05FB:0132       __doserrno
 0000:17FF       __DOSFREESEG
 0000:17CB       __DOSGETMACHINEMODE
 0000:0614       __dosret0
 0000:0629       __dosretax
 0000:061C       __dosreturn
 0000:17E0       __DOSSETVEC
 0000:1808       __DOSWRITE
 0000:1B6C       __dos_commit
 05FB:0824       __edata
 0375:0000       __EmDataSeg
 05FB:0870       __end
 0000:079A       __endstdio
 05FB:014E       __environ
 0000:0265       __exit
 05FB:015D       __exitflag
 05FB:0500       __expjmptab
 05FB:011A       __fac
 0000:066A       __farstub
 0000:2ADE       __fassign
 0000:1822       __fcloseall
 05FB:0106       __fDosExt
 0000:1C86       __fFEXP
 0000:1DAE       __ffexpm1
 0000:1D33       __fFLN
 0000:0328       __FF_MSGBANNER
 0000:07AC       __filbuf
 0000:15D5       __findlast
 0000:0840       __flsbuf
 0000:3088       __fltin
 0000:30DE       __fltout
 0000:9876  Abs  __fltused
 0000:0BB4       __flush
 0000:0C2A       __flushall
 05FB:032A       __fmode
 0000:29E0       __forcdecpt
 0375:0873       __fpemulator
 0375:0010       __fpemulatorbegin
 0375:2668       __fpemulatorend
 0375:02DE       __FPEXCEPTION87
 05FB:060E       __fpinit
 0375:267A       __FPINSTALL87
 0375:003A       __fpmath
 0000:3124       __fpsignal
 05E4:0169       __fptaskdata
 0375:26A9       __FPTERMINATE87
 0000:173A       __fptostr
 0000:0348       __fptrap
 0000:0920       __freebuf
 0000:0722       __fsopen
 0000:0B27       __ftbuf
 0000:3054       __ftol
 0000:094A       __getbuf
 0000:117E       __getstream
 0000:14F8       __growseg
 05FB:05F2       __HUGE
 0000:1584       __incseg
 05FB:0448       __indefinite
 05FB:046E       __infinity
 05FB:0158       __intno
 05FB:0180       __iob
 05FB:0220       __iob2
 05FB:032A       __iomode
 0000:171E       __itoa
 05FB:02C0       __lastiob
 0000:24D1       __LD12MULT
 0000:23FC       __LD12MULTTENPOWER
 05FB:04E8       __lnjmptab
 05FB:0478       __logemax
 05FB:04D0       __logjmptab
 0000:11D0       __lseek
 05FB:032E       __lseekchk
 0000:2656       __MANTOLD12
 0000:0636       __maperror
 0000:317A       __matherr
 05FB:05FA       __matherr_flag
 05FB:085C       __mbac
 0000:05F0       __myalloc
 05FB:0134       __nfile
 0000:32DA       __nfree
 05FB:00EE       __nheap_desc
 0000:32FB       __nmalloc
 0000:0590       __NMSG_TEXT
 0000:05BB       __NMSG_WRITE
 0000:0366       __nullcheck
 0000:126C       __open
 0000:098C       __openfile
 05FB:0132       __oserr
 05FB:0136       __osfile
 05FB:012D       __osmajor
 05FB:012C       __osminor
 05FB:0130       __osmode
 05FB:012C       __osver
 05FB:012E       __osversion
 0000:33DC       __outp
 0000:0CA8       __output
 05FB:0157       __ovlflag
 05FB:0159       __ovlvec
 05FB:0150       __pgmptr
 05FB:0452       __piby2
 05FB:05FC       __pnhNearHeap
 0000:2AB0       __positive
 05FB:012A       __psp
 05FB:0128       __pspadr
 0000:140E       __read
 0000:1C42       __rtbignan
 0000:1C71       __rtchsifneg
 0000:1C68       __rtifprojnpop
 0000:1C49       __rtifprojpop
 0000:1C53       __rtindfnpop
 0000:1C50       __rtindfpop
 0000:1D93       __rtinfnpop
 0000:1D26       __rtinfnpopse
 0000:1D90       __rtinfpop
 0000:1D23       __rtinfpopse
 0000:1C25       __rtnospop
 0000:1C29       __rtnospopde
 0000:1C3B       __rtonenpop
 0000:1C38       __rtonepop
 0000:1C28       __rttosnpop
 0000:1C61       __rttosnpopde
 0000:1C22       __rttospop
 0000:1C1F       __rttospopde
 0000:1C31       __rtzeronpop
 0000:1C2E       __rtzeropop
 0000:3336       __searchseg
 0000:0388       __setargv
 0000:0512       __setenvp
 05FB:0342       __sigintoff
 05FB:0340       __sigintseg
 0000:1252       __sopen
 0000:32C8       __stackavail
 0000:0AB6       __stbuf
 0000:2710       __STRINGTOD
 0000:2778       __STRINGTOLD
 0000:1B7A       __trandisp1
 0000:1BBC       __trandisp2
 05FB:0126       __umaskval
 0000:33CE       __unlink
 0000:318A       __write
 0000:33B2       __wrt2err
 05FB:04A0       __ytoxjmptab
 05FB:0606       ___aDBexit
 05FB:0604       ___aDBrterr
 05FB:0602       ___aDBswpchk
 05FB:0600       ___aDBswpflg
 05FB:014A       ___argc
 05FB:014C       ___argv
 05FB:05FE       ___qczrinit

  Address         Publics by Value

 0000:0010       _printdw
 0000:0058       PRINTHEADER
 0000:0063       CRLF
 0000:0082       _outpdw
 0000:0090       __astart
 0000:0152       __cintDIV
 0000:0161       __amsg_exit
 0000:018A       __dataseg
 0000:018C       __cinit
 0000:025E       _exit
 0000:0265       __exit
 0000:026D       __cexit
 0000:0277       __c_exit
 0000:02EC       __ctermsub
 0000:0328       __FF_MSGBANNER
 0000:0348       __fptrap
 0000:034E       __chkstk
 0000:034E       __aNchkstk
 0000:0366       __nullcheck
 0000:0388       __setargv
 0000:0512       __setenvp
 0000:0590       __NMSG_TEXT
 0000:05BB       __NMSG_WRITE
 0000:05F0       __myalloc
 0000:0614       __dosret0
 0000:061C       __dosreturn
 0000:0629       __dosretax
 0000:0632  Abs  FISRQQ
 0000:0636       __maperror
 0000:066A       __farstub
 0000:066C       _fclose
 0000:0722       __fsopen
 0000:074A       _fopen
 0000:075E       _printf
 0000:079A       __endstdio
 0000:07AC       __filbuf
 0000:0840       __flsbuf
 0000:0920       __freebuf
 0000:094A       __getbuf
 0000:098C       __openfile
 0000:0AB6       __stbuf
 0000:0B27       __ftbuf
 0000:0B66       _fflush
 0000:0BB4       __flush
 0000:0C2A       __flushall
 0000:0CA8       __output
 0000:0E32  Abs  FICRQQ
 0000:117E       __getstream
 0000:11B0       __close
 0000:11D0       __lseek
 0000:1252       __sopen
 0000:126C       __open
 0000:13FD       __cXENIXtoDOSmode
 0000:140E       __read
 0000:14F8       __growseg
 0000:1584       __incseg
 0000:15D5       __findlast
 0000:15F6       _strcat
 0000:1632  Abs  FIERQQ
 0000:1636       _strcpy
 0000:1668       _strlen
 0000:1684       _atoi
 0000:1688       _atof
 0000:16CA       __catox
 0000:171E       __itoa
 0000:173A       __fptostr
 0000:17B4       __DOSDEVCONFIG
 0000:17CB       __DOSGETMACHINEMODE
 0000:17E0       __DOSSETVEC
 0000:17E9       __DOSCREATECSALIAS
 0000:17FF       __DOSFREESEG
 0000:1808       __DOSWRITE
 0000:1822       __fcloseall
 0000:1846       _fgets
 0000:18B8       __commit
 0000:1910       _strcspn
 0000:196A       _memmove
 0000:19B2       _memset
 0000:19E0       __cltoasub
 0000:19EC       __cxtoa
 0000:1A40       _strtoul
 0000:1A4C       _strtol
 0000:1B6C       __dos_commit
 0000:1B7A       __trandisp1
 0000:1BBC       __trandisp2
 0000:1C1F       __rttospopde
 0000:1C22       __rttospop
 0000:1C25       __rtnospop
 0000:1C28       __rttosnpop
 0000:1C29       __rtnospopde
 0000:1C2E       __rtzeropop
 0000:1C31       __rtzeronpop
 0000:1C38       __rtonepop
 0000:1C3B       __rtonenpop
 0000:1C42       __rtbignan
 0000:1C49       __rtifprojpop
 0000:1C50       __rtindfpop
 0000:1C53       __rtindfnpop
 0000:1C61       __rttosnpopde
 0000:1C68       __rtifprojnpop
 0000:1C71       __rtchsifneg
 0000:1C7A       _fFYTOX
 0000:1C86       __fFEXP
 0000:1D23       __rtinfpopse
 0000:1D26       __rtinfnpopse
 0000:1D33       __fFLN
 0000:1D90       __rtinfpop
 0000:1D93       __rtinfnpop
 0000:1DAE       __ffexpm1
 0000:1E46       $i8_output
 0000:2107       $i8_tpwr10
 0000:23FC       __LD12MULTTENPOWER
 0000:24D1       __LD12MULT
 0000:2656       __MANTOLD12
 0000:2710       __STRINGTOD
 0000:2778       __STRINGTOLD
 0000:29E0       __forcdecpt
 0000:2A44       __cropzeros
 0000:2AB0       __positive
 0000:2ADE       __fassign
 0000:2B20       __cftoe
 0000:2C6E       __cftof
 0000:2D88       __cftog
 0000:2E32       __cfltcvt
 0000:2EA2       _pow
 0000:2EA8       _log
 0000:2EAE       _log10
 0000:2EB3       _exp
 0000:2EB8       __aNCIpow
 0000:2EBE       __aNCIlog
 0000:2EC4       __aNCIlog10
 0000:2EC9       __aNCIexp
 0000:2ECE       __cintrindisp2
 0000:2EF7       __cintrindisp1
 0000:2F19       __ctrandisp2
 0000:2F2C       __ctrandisp1
 0000:3054       __aNftol
 0000:3054       __ftol
 0000:3088       __fltin
 0000:30DE       __fltout
 0000:3124       __fpsignal
 0000:317A       __matherr
 0000:318A       __write
 0000:32C8       __stackavail
 0000:32DA       __nfree
 0000:32FB       __nmalloc
 0000:3336       __searchseg
 0000:33B2       __wrt2err
 0000:33CE       _remove
 0000:33CE       __unlink
 0000:33DC       __outp
 0000:33EA       _main
 0000:3446       _strtoulong
 0000:3564       _getconfigvalue
 0000:35E4       _getconfigkey
 0000:367E       _readcfg
 0000:3716       _resetnic
 0375:0000       __EmDataSeg
 0375:0010       __fpemulatorbegin
 0375:003A       __fpmath
 0375:02DE       __FPEXCEPTION87
 0375:0873       __fpemulator
 0375:2668       __fpemulatorend
 0375:267A       __FPINSTALL87
 0375:26A9       __FPTERMINATE87
 05E4:0169       __fptaskdata
 05FB:0042       __anullsize
 05FB:00E8       __atopsp
 05FB:00EA       __aexit_rtn
 05FB:00EC       __asizds
 05FB:00EE       __nheap_desc
 05FB:0102       __aseghi
 05FB:0104       __aseglo
 05FB:0106       __fDosExt
 05FB:0108       __acfinfo
 05FB:0116       __aintdiv
 05FB:011A       __fac
 05FB:0124       _errno
 05FB:0126       __umaskval
 05FB:0128       __pspadr
 05FB:012A       __psp
 05FB:012C       __osver
 05FB:012C       __osminor
 05FB:012D       __osmajor
 05FB:012E       __osversion
 05FB:0130       __osmode
 05FB:0131       __cpumode
 05FB:0132       __oserr
 05FB:0132       __doserrno
 05FB:0134       __nfile
 05FB:0136       __osfile
 05FB:014A       ___argc
 05FB:014C       ___argv
 05FB:014E       __environ
 05FB:0150       __pgmptr
 05FB:0155       __child
 05FB:0157       __ovlflag
 05FB:0158       __intno
 05FB:0159       __ovlvec
 05FB:015D       __exitflag
 05FB:015E       __adbgmsg
 05FB:0160       __aaltstkovr
 05FB:0162       _STKHQQ
 05FB:017E       __cflush
 05FB:0180       __iob
 05FB:0220       __iob2
 05FB:02C0       __lastiob
 05FB:032A       __fmode
 05FB:032A       __iomode
 05FB:032C       __commode
 05FB:032E       __lseekchk
 05FB:0330       __amblksiz
 05FB:0332       __cfltcvt_tab
 05FB:0340       __sigintseg
 05FB:0342       __sigintoff
 05FB:0344       __asizeC
 05FB:0345       __asizeD
 05FB:0346       __ctype_
 05FB:0346       __ctype
 05FB:0448       __indefinite
 05FB:0452       __piby2
 05FB:045C       __cpower
 05FB:046E       __infinity
 05FB:0478       __logemax
 05FB:04A0       __ytoxjmptab
 05FB:04D0       __logjmptab
 05FB:04E8       __lnjmptab
 05FB:0500       __expjmptab
 05FB:05F2       __HUGE
 05FB:05FA       __matherr_flag
 05FB:05FC       __pnhNearHeap
 05FB:05FE       ___qczrinit
 05FB:0600       ___aDBswpflg
 05FB:0602       ___aDBswpchk
 05FB:0604       ___aDBrterr
 05FB:0606       ___aDBexit
 05FB:060E       __fpinit
 05FB:0824       _edata
 05FB:0824       __edata
 05FB:0840       _configs
 05FB:0858       _inthandler
 05FB:085C       __mbac
 05FB:0870       __end
 05FB:0870       _end
 0000:9876  Abs  __acrtused
 0000:9876  Abs  __fltused
 0000:9876  Abs  __acrtmsg
 0000:D6D6  Abs  __aDBdoswp
 0000:4000  Abs  FJARQQ
 0000:5C32  Abs  FIDRQQ
 0000:8000  Abs  FJSRQQ
 0000:A23D  Abs  FIWRQQ
 0000:C000  Abs  FJCRQQ
 0000:FE32  Abs  FIARQQ

Program entry point at 0000:0090
