Stack Allocation = 5120 bytes

 Start  Stop   Length Name                   Class
 00000H 001D2H 001D3H _TEXT                  CODE
 001D4H 0021FH 0004CH _DATA                  DATA
 00220H 0161FH 01400H STACK                  STACK

 Origin   Group
 001D:0   DGROUP

  Address         Publics by Name

 001D:0040       BASEADDR
 001D:004E       DATALEN
 0000:0128       GETNIC
 001D:0042       MACADDR
 0000:0000       MAIN
 0000:0197       PRINTHEX
 0000:01B7       PRINTMEM
 0000:018B       PRINTSTR
 0000:002A       READFILE
 0000:00A2       RESETNIC
 0000:005F       STRTOHEX
 001D:002F       TAB

  Address         Publics by Value

 0000:0000       MAIN
 0000:002A       READFILE
 0000:005F       STRTOHEX
 0000:00A2       RESETNIC
 0000:0128       GETNIC
 0000:018B       PRINTSTR
 0000:0197       PRINTHEX
 0000:01B7       PRINTMEM
 001D:002F       TAB
 001D:0040       BASEADDR
 001D:0042       MACADDR
 001D:004E       DATALEN

Program entry point at 0000:0000
