Stack Allocation = 5120 bytes

 Start  Stop   Length Name                   Class
 00000H 02065H 02066H _TEXT                  CODE
 02070H 02071H 00002H EMULATOR_TEXT          CODE
 02072H 02072H 00000H C_ETEXT                ENDCODE
 02080H 02080H 00000H EMULATOR_DATA          FAR_DATA
 02080H 020C1H 00042H NULL                   BEGDATA
 020C2H 02B8BH 00ACAH _DATA                  DATA
 02B8CH 02B8DH 00002H XIQC                   DATA
 02B8EH 02B99H 0000CH DBDATA                 DATA
 02B9AH 02BA7H 0000EH CDATA                  DATA
 02BA8H 02BA8H 00000H XIFB                   DATA
 02BA8H 02BA8H 00000H XIF                    DATA
 02BA8H 02BA8H 00000H XIFE                   DATA
 02BA8H 02BA8H 00000H XIB                    DATA
 02BA8H 02BA8H 00000H XI                     DATA
 02BA8H 02BA8H 00000H XIE                    DATA
 02BA8H 02BA8H 00000H XPB                    DATA
 02BA8H 02BA9H 00002H XP                     DATA
 02BAAH 02BAAH 00000H XPE                    DATA
 02BAAH 02BAAH 00000H XCB                    DATA
 02BAAH 02BAAH 00000H XC                     DATA
 02BAAH 02BAAH 00000H XCE                    DATA
 02BAAH 02BAAH 00000H XCFB                   DATA
 02BAAH 02BAAH 00000H XCFCRT                 DATA
 02BAAH 02BAAH 00000H XCF                    DATA
 02BAAH 02BAAH 00000H XCFE                   DATA
 02BAAH 02BAAH 00000H XIFCB                  DATA
 02BAAH 02BAAH 00000H XIFU                   DATA
 02BAAH 02BAAH 00000H XIFL                   DATA
 02BAAH 02BAAH 00000H XIFM                   DATA
 02BAAH 02BAAH 00000H XIFCE                  DATA
 02BAAH 02BAAH 00000H CONST                  CONST
 02BAAH 02BB1H 00008H HDR                    MSG
 02BB2H 02C87H 000D6H MSG                    MSG
 02C88H 02C89H 00002H PAD                    MSG
 02C8AH 02C8AH 00001H EPAD                   MSG
 02C8CH 02CBDH 00032H _BSS                   BSS
 02CBEH 02CBEH 00000H XOB                    BSS
 02CBEH 02CBEH 00000H XO                     BSS
 02CBEH 02CBEH 00000H XOE                    BSS
 02CBEH 02CBEH 00000H XOFB                   BSS
 02CBEH 02CBEH 00000H XOF                    BSS
 02CBEH 02CBEH 00000H XOFE                   BSS
 02CC0H 040BFH 01400H STACK                  STACK

 Origin   Group
 0208:0   DGROUP

  Address         Publics by Name

 0208:0C0C       _edata
 0208:0C40       _end
 0208:08E6       _errno
 0000:01DE       _exit
 0000:05EC       _fclose
 0000:0AE6       _fflush
 0000:1628       _fgets
 0000:06CA       _fopen
 0000:1E4E       _getnic
 0000:1C48       _init_etherne
 0000:2004       _innic
 0000:1B6E       _main
 0000:170E       _memcpy
 0000:2032       _msdelay
 0000:201A       _outnic
 0000:06DE       _printf
 0208:0042       _promisc
 0000:1F60       _putnic
 0000:1EE6       _put_etherne
 0000:1B12       _remove
 0000:1CC6       _resetnic
 0208:0924       _STKHQQ
 0000:1576       _strcat
 0000:15B6       _strcpy
 0000:17A6       _strtol
 0000:179A       _strtoul
 0208:0044       _txpkts
 0208:0922       __aaltstkovr
 0208:08CA       __acfinfo
 0000:9876  Abs  __acrtmsg
 0000:9876  Abs  __acrtused
 0000:D6D6  Abs  __aDBdoswp
 0208:0920       __adbgmsg
 0208:08AC       __aexit_rtn
 0208:08D8       __aintdiv
 0208:0AF2       __amblksiz
 0000:00E1       __amsg_exit
 0000:02CE       __aNchkstk
 0208:0042       __anullsize
 0208:08C4       __aseghi
 0208:08C6       __aseglo
 0208:08AE       __asizds
 0208:0B06       __asizeC
 0208:0B07       __asizeD
 0000:0010       __astart
 0208:08AA       __atopsp
 0000:01ED       __cexit
 0208:0AF4       __cfltcvt_tab
 0208:0940       __cflush
 0208:0B0A       __chbuf
 0208:0917       __child
 0000:02CE       __chkstk
 0000:010C       __cinit
 0000:00D2       __cintDIV
 0000:1130       __close
 0000:173A       __cltoasub
 0000:169A       __commit
 0208:0AEE       __commode
 0208:08F3       __cpumode
 0000:026C       __ctermsub
 0000:137D       __cXENIXtoDOSmode
 0000:1746       __cxtoa
 0000:01F7       __c_exit
 0000:010A       __dataseg
 0208:08F4       __doserrno
 0000:0594       __dosret0
 0000:05A9       __dosretax
 0000:059C       __dosreturn
 0000:18C6       __dos_commit
 0208:0C0C       __edata
 0207:0000       __EmDataSeg
 0208:0C40       __end
 0000:071A       __endstdio
 0208:0910       __environ
 0000:01E5       __exit
 0208:091F       __exitflag
 0208:08DC       __fac
 0000:05EA       __farstub
 0000:1604       __fcloseall
 0208:08C8       __fDosExt
 0000:02A8       __FF_MSGBANNER
 0000:072C       __filbuf
 0000:1555       __findlast
 0000:07C0       __flsbuf
 0000:0B34       __flush
 0000:0BAA       __flushall
 0208:0AEC       __fmode
 0208:0B1C       __fpinit
 0000:02C8       __fptrap
 0000:08A0       __freebuf
 0000:06A2       __fsopen
 0000:0AA7       __ftbuf
 0000:08CA       __getbuf
 0000:1B46       __getch
 0000:1B42       __getche
 0000:10FE       __getstream
 0000:1478       __growseg
 0000:1504       __incseg
 0000:16F2       __inp
 0000:18D4       __inpw
 0208:091A       __intno
 0208:0942       __iob
 0208:09E2       __iob2
 0208:0AEC       __iomode
 0000:15E8       __itoa
 0000:1B20       __kbhit
 0208:0A82       __lastiob
 0000:1150       __lseek
 0208:0AF0       __lseekchk
 0000:05B6       __maperror
 0000:0570       __myalloc
 0208:08F6       __nfile
 0000:1A3A       __nfree
 0208:08B0       __nheap_desc
 0000:1A5B       __nmalloc
 0000:0510       __NMSG_TEXT
 0000:053B       __NMSG_WRITE
 0000:02E6       __nullcheck
 0000:11EC       __open
 0000:090C       __openfile
 0208:08F4       __oserr
 0208:08F8       __osfile
 0208:08EF       __osmajor
 0208:08EE       __osminor
 0208:08F2       __osmode
 0208:08EE       __osver
 0208:08F0       __osversion
 0000:1700       __outp
 0000:0C28       __output
 0000:18DE       __outpw
 0208:0919       __ovlflag
 0208:091B       __ovlvec
 0208:0912       __pgmptr
 0208:0B08       __pnhNearHeap
 0208:08EC       __psp
 0208:08EA       __pspadr
 0000:138E       __read
 0000:1A96       __searchseg
 0000:0308       __setargv
 0000:0492       __setenvp
 0208:0B04       __sigintoff
 0208:0B02       __sigintseg
 0000:11D2       __sopen
 0000:1A28       __stackavail
 0000:0A36       __stbuf
 0208:08E8       __umaskval
 0000:1B12       __unlink
 0000:18EA       __write
 0208:0B14       ___aDBexit
 0208:0B12       ___aDBrterr
 0208:0B10       ___aDBswpchk
 0208:0B0E       ___aDBswpflg
 0208:090C       ___argc
 0208:090E       ___argv
 0208:0B0C       ___qczrinit

  Address         Publics by Value

 0000:0010       __astart
 0000:00D2       __cintDIV
 0000:00E1       __amsg_exit
 0000:010A       __dataseg
 0000:010C       __cinit
 0000:01DE       _exit
 0000:01E5       __exit
 0000:01ED       __cexit
 0000:01F7       __c_exit
 0000:026C       __ctermsub
 0000:02A8       __FF_MSGBANNER
 0000:02C8       __fptrap
 0000:02CE       __aNchkstk
 0000:02CE       __chkstk
 0000:02E6       __nullcheck
 0000:0308       __setargv
 0000:0492       __setenvp
 0000:0510       __NMSG_TEXT
 0000:053B       __NMSG_WRITE
 0000:0570       __myalloc
 0000:0594       __dosret0
 0000:059C       __dosreturn
 0000:05A9       __dosretax
 0000:05B6       __maperror
 0000:05EA       __farstub
 0000:05EC       _fclose
 0000:06A2       __fsopen
 0000:06CA       _fopen
 0000:06DE       _printf
 0000:071A       __endstdio
 0000:072C       __filbuf
 0000:07C0       __flsbuf
 0000:08A0       __freebuf
 0000:08CA       __getbuf
 0000:090C       __openfile
 0000:0A36       __stbuf
 0000:0AA7       __ftbuf
 0000:0AE6       _fflush
 0000:0B34       __flush
 0000:0BAA       __flushall
 0000:0C28       __output
 0000:10FE       __getstream
 0000:1130       __close
 0000:1150       __lseek
 0000:11D2       __sopen
 0000:11EC       __open
 0000:137D       __cXENIXtoDOSmode
 0000:138E       __read
 0000:1478       __growseg
 0000:1504       __incseg
 0000:1555       __findlast
 0000:1576       _strcat
 0000:15B6       _strcpy
 0000:15E8       __itoa
 0000:1604       __fcloseall
 0000:1628       _fgets
 0000:169A       __commit
 0000:16F2       __inp
 0000:1700       __outp
 0000:170E       _memcpy
 0000:173A       __cltoasub
 0000:1746       __cxtoa
 0000:179A       _strtoul
 0000:17A6       _strtol
 0000:18C6       __dos_commit
 0000:18D4       __inpw
 0000:18DE       __outpw
 0000:18EA       __write
 0000:1A28       __stackavail
 0000:1A3A       __nfree
 0000:1A5B       __nmalloc
 0000:1A96       __searchseg
 0000:1B12       __unlink
 0000:1B12       _remove
 0000:1B20       __kbhit
 0000:1B42       __getche
 0000:1B46       __getch
 0000:1B6E       _main
 0000:1C48       _init_etherne
 0000:1CC6       _resetnic
 0000:1E4E       _getnic
 0000:1EE6       _put_etherne
 0000:1F60       _putnic
 0000:2004       _innic
 0000:201A       _outnic
 0000:2032       _msdelay
 0207:0000       __EmDataSeg
 0208:0042       __anullsize
 0208:0042       _promisc
 0208:0044       _txpkts
 0208:08AA       __atopsp
 0208:08AC       __aexit_rtn
 0208:08AE       __asizds
 0208:08B0       __nheap_desc
 0208:08C4       __aseghi
 0208:08C6       __aseglo
 0208:08C8       __fDosExt
 0208:08CA       __acfinfo
 0208:08D8       __aintdiv
 0208:08DC       __fac
 0208:08E6       _errno
 0208:08E8       __umaskval
 0208:08EA       __pspadr
 0208:08EC       __psp
 0208:08EE       __osver
 0208:08EE       __osminor
 0208:08EF       __osmajor
 0208:08F0       __osversion
 0208:08F2       __osmode
 0208:08F3       __cpumode
 0208:08F4       __oserr
 0208:08F4       __doserrno
 0208:08F6       __nfile
 0208:08F8       __osfile
 0208:090C       ___argc
 0208:090E       ___argv
 0208:0910       __environ
 0208:0912       __pgmptr
 0208:0917       __child
 0208:0919       __ovlflag
 0208:091A       __intno
 0208:091B       __ovlvec
 0208:091F       __exitflag
 0208:0920       __adbgmsg
 0208:0922       __aaltstkovr
 0208:0924       _STKHQQ
 0208:0940       __cflush
 0208:0942       __iob
 0208:09E2       __iob2
 0208:0A82       __lastiob
 0208:0AEC       __fmode
 0208:0AEC       __iomode
 0208:0AEE       __commode
 0208:0AF0       __lseekchk
 0208:0AF2       __amblksiz
 0208:0AF4       __cfltcvt_tab
 0208:0B02       __sigintseg
 0208:0B04       __sigintoff
 0208:0B06       __asizeC
 0208:0B07       __asizeD
 0208:0B08       __pnhNearHeap
 0208:0B0A       __chbuf
 0208:0B0C       ___qczrinit
 0208:0B0E       ___aDBswpflg
 0208:0B10       ___aDBswpchk
 0208:0B12       ___aDBrterr
 0208:0B14       ___aDBexit
 0208:0B1C       __fpinit
 0208:0C0C       __edata
 0208:0C0C       _edata
 0208:0C40       __end
 0208:0C40       _end
 0000:9876  Abs  __acrtused
 0000:9876  Abs  __acrtmsg
 0000:D6D6  Abs  __aDBdoswp

Program entry point at 0000:0010
